// Jest Snapshot v1, https://goo.gl/fbAQLP

exports[`App component renders App 1`] = `
<DocumentFragment>
  <div>
    <a
      href="/"
    >
      Home
    </a>
    <a
      href="/create"
    >
      Make an Npc
    </a>
    <h1>
      NPC Library
    </h1>
  </div>
  <h1>
    Loading...
  </h1>
</DocumentFragment>
`;
